
   PASS  Tests\Unit\ExampleTest
  ✓ that true is true
Error: net_connect_unix(/run/dovecot/stats-writer) failed: Permission denied
Error: net_connect_unix(/run/dovecot/stats-writer) failed: Permission denied
Error: net_connect_unix(/run/dovecot/stats-writer) failed: Permission denied

   PASS  Tests\Feature\Auth\AuthenticationTest
  ✓ login screen can be rendered                                         0.12s  
  ✓ users can authenticate using the login screen                        0.04s  
  ✓ users can not authenticate with invalid password                     0.23s  
  ✓ users can logout                                                     0.02s  
Error: net_connect_unix(/run/dovecot/stats-writer) failed: Permission denied
Error: net_connect_unix(/run/dovecot/stats-writer) failed: Permission denied
Error: net_connect_unix(/run/dovecot/stats-writer) failed: Permission denied

   PASS  Tests\Feature\Auth\EmailVerificationTest
  ✓ email verification screen can be rendered                            0.03s  
  ✓ email can be verified                                                0.02s  
  ✓ email is not verified with invalid hash                              0.02s  
Error: net_connect_unix(/run/dovecot/stats-writer) failed: Permission denied
Error: net_connect_unix(/run/dovecot/stats-writer) failed: Permission denied
Error: net_connect_unix(/run/dovecot/stats-writer) failed: Permission denied

   PASS  Tests\Feature\Auth\PasswordConfirmationTest
  ✓ confirm password screen can be rendered                              0.02s  
  ✓ password can be confirmed                                            0.02s  
  ✓ password is not confirmed with invalid password                      0.22s  
Error: net_connect_unix(/run/dovecot/stats-writer) failed: Permission denied
Error: net_connect_unix(/run/dovecot/stats-writer) failed: Permission denied
Error: net_connect_unix(/run/dovecot/stats-writer) failed: Permission denied
Error: net_connect_unix(/run/dovecot/stats-writer) failed: Permission denied

   PASS  Tests\Feature\Auth\PasswordResetTest
  ✓ reset password link screen can be rendered                           0.01s  
  ✓ reset password link can be requested                                 0.02s  
  ✓ reset password screen can be rendered                                0.02s  
  ✓ password can be reset with valid token                               0.06s  
Error: net_connect_unix(/run/dovecot/stats-writer) failed: Permission denied

   PASS  Tests\Feature\Auth\RegistrationTest
  ✓ registration screen can be rendered                                  0.01s  
  ✓ new users can register                                               0.03s  
Error: net_connect_unix(/run/dovecot/stats-writer) failed: Permission denied

   PASS  Tests\Feature\DashboardTest
  ✓ guests are redirected to the login page                              0.01s  
  ✓ authenticated users can visit the dashboard                          0.02s  

   PASS  Tests\Feature\ExampleTest
  ✓ it returns a successful response                                     0.01s  
Error: net_connect_unix(/run/dovecot/stats-writer) failed: Permission denied
Error: net_connect_unix(/run/dovecot/stats-writer) failed: Permission denied
Error: net_connect_unix(/run/dovecot/stats-writer) failed: Permission denied

   PASS  Tests\Feature\Settings\PasswordUpdateTest
  ✓ password can be updated                                              0.06s  
  ✓ correct password must be provided to update password                 0.04s  
Error: net_connect_unix(/run/dovecot/stats-writer) failed: Permission denied
Error: net_connect_unix(/run/dovecot/stats-writer) failed: Permission denied
Error: net_connect_unix(/run/dovecot/stats-writer) failed: Permission denied
Error: net_connect_unix(/run/dovecot/stats-writer) failed: Permission denied
Error: net_connect_unix(/run/dovecot/stats-writer) failed: Permission denied

   PASS  Tests\Feature\Settings\ProfileUpdateTest
  ✓ profile page is displayed                                            0.03s  
  ✓ profile information can be updated                                   0.02s  
  ✓ email verification status is unchanged when the email address is un… 0.02s  
  ✓ user can delete their account                                        0.02s  
  ✓ correct password must be provided to delete account                  0.02s  

  Tests:    27 passed (64 assertions)
  Duration: 1.22s

